// Jest Snapshot v1, https://goo.gl/fbAQLP

exports[`Flashcards should match the snapshot with all data passed in 1`] = `
<div
  className="none"
/>
`;
